// Jest Snapshot v1, https://goo.gl/fbAQLP

exports[`Channel Component renders without crashing 1`] = `
<div
  className="Channel"
>
  <h2>
    Test-Stream
  </h2>
  <div
    className="ChannelItem"
  >
    <div>
      Title-Image
    </div>
    <div>
      Title
    </div>
    <div>
      Information-Header
    </div>
    <div>
      Description
    </div>
  </div>
  <div
    className="ChannelItem"
  >
    <div>
      Title-Image
    </div>
    <div>
      Title
    </div>
    <div>
      Information-Header
    </div>
    <div>
      Description
    </div>
  </div>
  <div
    className="ChannelItem"
  >
    <div>
      Title-Image
    </div>
    <div>
      Title
    </div>
    <div>
      Information-Header
    </div>
    <div>
      Description
    </div>
  </div>
</div>
`;
